// Jest Snapshot v1, https://goo.gl/fbAQLP

exports[`HeaderComponent Renders correctly 1`] = `true`;
